pyxis: importing docker image: nvcr.io#nvidia/pytorch:24.12-py3
pyxis: imported docker image: nvcr.io#nvidia/pytorch:24.12-py3
DEPRECATION: Loading egg at /usr/local/lib/python3.12/dist-packages/dill-0.3.9-py3.12.egg is deprecated. pip 25.1 will enforce this behaviour change. A possible replacement is to use pip for package installation. Discussion can be found at https://github.com/pypa/pip/issues/12330
DEPRECATION: Loading egg at /usr/local/lib/python3.12/dist-packages/igraph-0.11.8-py3.12-linux-x86_64.egg is deprecated. pip 25.1 will enforce this behaviour change. A possible replacement is to use pip for package installation. Discussion can be found at https://github.com/pypa/pip/issues/12330
DEPRECATION: Loading egg at /usr/local/lib/python3.12/dist-packages/lightning_thunder-0.2.0.dev0-py3.12.egg is deprecated. pip 25.1 will enforce this behaviour change. A possible replacement is to use pip for package installation. Discussion can be found at https://github.com/pypa/pip/issues/12330
DEPRECATION: Loading egg at /usr/local/lib/python3.12/dist-packages/lightning_utilities-0.11.9-py3.12.egg is deprecated. pip 25.1 will enforce this behaviour change. A possible replacement is to use pip for package installation. Discussion can be found at https://github.com/pypa/pip/issues/12330
DEPRECATION: Loading egg at /usr/local/lib/python3.12/dist-packages/looseversion-1.3.0-py3.12.egg is deprecated. pip 25.1 will enforce this behaviour change. A possible replacement is to use pip for package installation. Discussion can be found at https://github.com/pypa/pip/issues/12330
DEPRECATION: Loading egg at /usr/local/lib/python3.12/dist-packages/nvfuser-0.2.13a0+0d33366-py3.12-linux-x86_64.egg is deprecated. pip 25.1 will enforce this behaviour change. A possible replacement is to use pip for package installation. Discussion can be found at https://github.com/pypa/pip/issues/12330
DEPRECATION: Loading egg at /usr/local/lib/python3.12/dist-packages/opt_einsum-3.4.0-py3.12.egg is deprecated. pip 25.1 will enforce this behaviour change. A possible replacement is to use pip for package installation. Discussion can be found at https://github.com/pypa/pip/issues/12330
DEPRECATION: Loading egg at /usr/local/lib/python3.12/dist-packages/texttable-1.7.0-py3.12.egg is deprecated. pip 25.1 will enforce this behaviour change. A possible replacement is to use pip for package installation. Discussion can be found at https://github.com/pypa/pip/issues/12330
WARNING: Running pip as the 'root' user can result in broken permissions and conflicting behaviour with the system package manager, possibly rendering your system unusable.It is recommended to use a virtual environment instead: https://pip.pypa.io/warnings/venv. Use the --root-user-action option if you know what you are doing and want to suppress this warning.

[notice] A new release of pip is available: 24.3.1 -> 26.1.2
[notice] To update, run: python -m pip install --upgrade pip
=== running adaptive + long-context experiments ===
Loading models...
Loading checkpoint shards:   0%|          | 0/2 [00:00<?, ?it/s]Loading checkpoint shards:  50%|█████     | 1/2 [00:06<00:06,  6.54s/it]Loading checkpoint shards: 100%|██████████| 2/2 [00:09<00:00,  4.14s/it]Loading checkpoint shards: 100%|██████████| 2/2 [00:09<00:00,  4.50s/it]
============================================================
Long-context sweep: max_new_tokens=50
============================================================
Running Baseline Benchmark
============================================================
Baseline average: 48.78 tokens/sec

Sweeping K values:   0%|          | 0/5 [00:00<?, ?it/s]Sweeping K values:  20%|██        | 1/5 [00:07<00:31,  7.86s/it]Sweeping K values:  40%|████      | 2/5 [00:15<00:23,  7.91s/it]Sweeping K values:  60%|██████    | 3/5 [00:23<00:16,  8.00s/it]Sweeping K values:  80%|████████  | 4/5 [00:33<00:08,  8.57s/it]Sweeping K values: 100%|██████████| 5/5 [00:43<00:00,  9.17s/it]Sweeping K values: 100%|██████████| 5/5 [00:43<00:00,  8.72s/it]

--- Speculative Decoding K=1 ---

--- Speculative Decoding K=2 ---

--- Speculative Decoding K=4 ---

--- Speculative Decoding K=6 ---

--- Speculative Decoding K=8 ---
============================================================
Long-context sweep: max_new_tokens=200
============================================================
Running Baseline Benchmark
============================================================
Baseline average: 51.30 tokens/sec

Sweeping K values:   0%|          | 0/5 [00:00<?, ?it/s]Sweeping K values:  20%|██        | 1/5 [00:26<01:45, 26.46s/it]Sweeping K values:  40%|████      | 2/5 [00:50<01:14, 24.77s/it]Sweeping K values:  60%|██████    | 3/5 [01:15<00:50, 25.01s/it]Sweeping K values:  80%|████████  | 4/5 [01:46<00:27, 27.33s/it]Sweeping K values: 100%|██████████| 5/5 [02:21<00:00, 30.12s/it]Sweeping K values: 100%|██████████| 5/5 [02:21<00:00, 28.26s/it]

--- Speculative Decoding K=1 ---

--- Speculative Decoding K=2 ---

--- Speculative Decoding K=4 ---

--- Speculative Decoding K=6 ---

--- Speculative Decoding K=8 ---
Saved: long_context_results.json
Saved: long_context_speedup.png
============================================================
Adaptive-K run
Saved: adaptive_k_results.json
Saved: adaptive_k_usage.png
=== outputs ===
-rw-r--r-- 1 root nogroup  3445 Jun  2 18:59 adaptive_k_results.json
-rw-r--r-- 1 root nogroup 43129 Jun  2 18:59 adaptive_k_usage.png
-rw-r--r-- 1 root nogroup  2076 Jun  2 18:59 long_context_results.json
-rw-r--r-- 1 root nogroup 57797 Jun  2 18:59 long_context_speedup.png
